ARM GAS  C:\Users\Pablo\AppData\Local\Temp\ccCm4cB1.s 			page 1


   1              		.cpu cortex-m0
   2              		.fpu softvfp
   3              		.eabi_attribute 20, 1
   4              		.eabi_attribute 21, 1
   5              		.eabi_attribute 23, 3
   6              		.eabi_attribute 24, 1
   7              		.eabi_attribute 25, 1
   8              		.eabi_attribute 26, 1
   9              		.eabi_attribute 30, 1
  10              		.eabi_attribute 34, 0
  11              		.eabi_attribute 18, 4
  12              		.code	16
  13              		.file	"cyfitter_cfg.c"
  14              		.text
  15              	.Ltext0:
  16              		.cfi_sections	.debug_frame
  17              		.section	.text.CYMEMZERO,"ax",%progbits
  18              		.align	2
  19              		.code	16
  20              		.thumb_func
  21              		.type	CYMEMZERO, %function
  22              	CYMEMZERO:
  23              	.LFB0:
  24              		.file 1 "Generated_Source\\PSoC4\\cyfitter_cfg.c"
   1:Generated_Source\PSoC4/cyfitter_cfg.c **** /*******************************************************************************
   2:Generated_Source\PSoC4/cyfitter_cfg.c **** * File Name: cyfitter_cfg.c
   3:Generated_Source\PSoC4/cyfitter_cfg.c **** * 
   4:Generated_Source\PSoC4/cyfitter_cfg.c **** * PSoC Creator  4.0 Update 1
   5:Generated_Source\PSoC4/cyfitter_cfg.c **** *
   6:Generated_Source\PSoC4/cyfitter_cfg.c **** * Description:
   7:Generated_Source\PSoC4/cyfitter_cfg.c **** * This file contains device initialization code.
   8:Generated_Source\PSoC4/cyfitter_cfg.c **** * Except for the user defined sections in CyClockStartupError(), this file should not be modified.
   9:Generated_Source\PSoC4/cyfitter_cfg.c **** * This file is automatically generated by PSoC Creator.
  10:Generated_Source\PSoC4/cyfitter_cfg.c **** *
  11:Generated_Source\PSoC4/cyfitter_cfg.c **** ********************************************************************************
  12:Generated_Source\PSoC4/cyfitter_cfg.c **** * Copyright (c) 2007-2016 Cypress Semiconductor.  All rights reserved.
  13:Generated_Source\PSoC4/cyfitter_cfg.c **** * You may use this file only in accordance with the license, terms, conditions, 
  14:Generated_Source\PSoC4/cyfitter_cfg.c **** * disclaimers, and limitations in the end user license agreement accompanying 
  15:Generated_Source\PSoC4/cyfitter_cfg.c **** * the software package with which this file was provided.
  16:Generated_Source\PSoC4/cyfitter_cfg.c **** ********************************************************************************/
  17:Generated_Source\PSoC4/cyfitter_cfg.c **** 
  18:Generated_Source\PSoC4/cyfitter_cfg.c **** #include <string.h>
  19:Generated_Source\PSoC4/cyfitter_cfg.c **** #include "cytypes.h"
  20:Generated_Source\PSoC4/cyfitter_cfg.c **** #include "cydevice_trm.h"
  21:Generated_Source\PSoC4/cyfitter_cfg.c **** #include "cyfitter.h"
  22:Generated_Source\PSoC4/cyfitter_cfg.c **** #include "CyLib.h"
  23:Generated_Source\PSoC4/cyfitter_cfg.c **** #include "CyLFClk.h"
  24:Generated_Source\PSoC4/cyfitter_cfg.c **** #include "cyfitter_cfg.h"
  25:Generated_Source\PSoC4/cyfitter_cfg.c **** #include "cyapicallbacks.h"
  26:Generated_Source\PSoC4/cyfitter_cfg.c **** 
  27:Generated_Source\PSoC4/cyfitter_cfg.c **** 
  28:Generated_Source\PSoC4/cyfitter_cfg.c **** #if defined(__GNUC__) || defined(__ARMCC_VERSION)
  29:Generated_Source\PSoC4/cyfitter_cfg.c ****     #define CYPACKED 
  30:Generated_Source\PSoC4/cyfitter_cfg.c ****     #define CYPACKED_ATTR __attribute__ ((packed))
  31:Generated_Source\PSoC4/cyfitter_cfg.c ****     #define CYALIGNED __attribute__ ((aligned))
  32:Generated_Source\PSoC4/cyfitter_cfg.c ****     #define CY_CFG_UNUSED __attribute__ ((unused))
  33:Generated_Source\PSoC4/cyfitter_cfg.c ****     #ifndef CY_CFG_SECTION
ARM GAS  C:\Users\Pablo\AppData\Local\Temp\ccCm4cB1.s 			page 2


  34:Generated_Source\PSoC4/cyfitter_cfg.c ****         #define CY_CFG_SECTION __attribute__ ((section(".psocinit")))
  35:Generated_Source\PSoC4/cyfitter_cfg.c ****     #endif
  36:Generated_Source\PSoC4/cyfitter_cfg.c ****     
  37:Generated_Source\PSoC4/cyfitter_cfg.c ****     #if defined(__ARMCC_VERSION)
  38:Generated_Source\PSoC4/cyfitter_cfg.c ****         #define CY_CFG_MEMORY_BARRIER() __memory_changed()
  39:Generated_Source\PSoC4/cyfitter_cfg.c ****     #else
  40:Generated_Source\PSoC4/cyfitter_cfg.c ****         #define CY_CFG_MEMORY_BARRIER() __sync_synchronize()
  41:Generated_Source\PSoC4/cyfitter_cfg.c ****     #endif
  42:Generated_Source\PSoC4/cyfitter_cfg.c ****     
  43:Generated_Source\PSoC4/cyfitter_cfg.c **** #elif defined(__ICCARM__)
  44:Generated_Source\PSoC4/cyfitter_cfg.c ****     #include <intrinsics.h>
  45:Generated_Source\PSoC4/cyfitter_cfg.c **** 
  46:Generated_Source\PSoC4/cyfitter_cfg.c ****     #define CYPACKED __packed
  47:Generated_Source\PSoC4/cyfitter_cfg.c ****     #define CYPACKED_ATTR 
  48:Generated_Source\PSoC4/cyfitter_cfg.c ****     #define CYALIGNED _Pragma("data_alignment=4")
  49:Generated_Source\PSoC4/cyfitter_cfg.c ****     #define CY_CFG_UNUSED _Pragma("diag_suppress=Pe177")
  50:Generated_Source\PSoC4/cyfitter_cfg.c ****     #define CY_CFG_SECTION _Pragma("location=\".psocinit\"")
  51:Generated_Source\PSoC4/cyfitter_cfg.c ****     
  52:Generated_Source\PSoC4/cyfitter_cfg.c ****     #define CY_CFG_MEMORY_BARRIER() __DMB()
  53:Generated_Source\PSoC4/cyfitter_cfg.c ****     
  54:Generated_Source\PSoC4/cyfitter_cfg.c **** #else
  55:Generated_Source\PSoC4/cyfitter_cfg.c ****     #error Unsupported toolchain
  56:Generated_Source\PSoC4/cyfitter_cfg.c **** #endif
  57:Generated_Source\PSoC4/cyfitter_cfg.c **** 
  58:Generated_Source\PSoC4/cyfitter_cfg.c **** 
  59:Generated_Source\PSoC4/cyfitter_cfg.c **** CY_CFG_UNUSED
  60:Generated_Source\PSoC4/cyfitter_cfg.c **** static void CYMEMZERO(void *s, size_t n);
  61:Generated_Source\PSoC4/cyfitter_cfg.c **** CY_CFG_UNUSED
  62:Generated_Source\PSoC4/cyfitter_cfg.c **** static void CYMEMZERO(void *s, size_t n)
  63:Generated_Source\PSoC4/cyfitter_cfg.c **** {
  25              		.loc 1 63 0
  26              		.cfi_startproc
  27              	.LVL0:
  28 0000 08B5     		push	{r3, lr}
  29              		.cfi_def_cfa_offset 8
  30              		.cfi_offset 3, -8
  31              		.cfi_offset 14, -4
  32 0002 0A1C     		mov	r2, r1
  64:Generated_Source\PSoC4/cyfitter_cfg.c **** 	(void)memset(s, 0, n);
  33              		.loc 1 64 0
  34 0004 0021     		mov	r1, #0
  35              	.LVL1:
  36 0006 FFF7FEFF 		bl	memset
  37              	.LVL2:
  65:Generated_Source\PSoC4/cyfitter_cfg.c **** }
  38              		.loc 1 65 0
  39              		@ sp needed
  40 000a 08BD     		pop	{r3, pc}
  41              		.cfi_endproc
  42              	.LFE0:
  43              		.size	CYMEMZERO, .-CYMEMZERO
  44              		.section	.psocinit,"ax",%progbits
  45              		.align	2
  46              		.code	16
  47              		.thumb_func
  48              		.type	ClockSetup, %function
  49              	ClockSetup:
ARM GAS  C:\Users\Pablo\AppData\Local\Temp\ccCm4cB1.s 			page 3


  50              	.LFB3:
  66:Generated_Source\PSoC4/cyfitter_cfg.c **** CY_CFG_UNUSED
  67:Generated_Source\PSoC4/cyfitter_cfg.c **** static void CYCONFIGCPY(void *dest, const void *src, size_t n);
  68:Generated_Source\PSoC4/cyfitter_cfg.c **** CY_CFG_UNUSED
  69:Generated_Source\PSoC4/cyfitter_cfg.c **** static void CYCONFIGCPY(void *dest, const void *src, size_t n)
  70:Generated_Source\PSoC4/cyfitter_cfg.c **** {
  71:Generated_Source\PSoC4/cyfitter_cfg.c **** 	(void)memcpy(dest, src, n);
  72:Generated_Source\PSoC4/cyfitter_cfg.c **** }
  73:Generated_Source\PSoC4/cyfitter_cfg.c **** CY_CFG_UNUSED
  74:Generated_Source\PSoC4/cyfitter_cfg.c **** static void CYCONFIGCPYCODE(void *dest, const void *src, size_t n);
  75:Generated_Source\PSoC4/cyfitter_cfg.c **** CY_CFG_UNUSED
  76:Generated_Source\PSoC4/cyfitter_cfg.c **** static void CYCONFIGCPYCODE(void *dest, const void *src, size_t n)
  77:Generated_Source\PSoC4/cyfitter_cfg.c **** {
  78:Generated_Source\PSoC4/cyfitter_cfg.c **** 	(void)memcpy(dest, src, n);
  79:Generated_Source\PSoC4/cyfitter_cfg.c **** }
  80:Generated_Source\PSoC4/cyfitter_cfg.c **** 
  81:Generated_Source\PSoC4/cyfitter_cfg.c **** 
  82:Generated_Source\PSoC4/cyfitter_cfg.c **** 
  83:Generated_Source\PSoC4/cyfitter_cfg.c **** 
  84:Generated_Source\PSoC4/cyfitter_cfg.c **** /* Clock startup error codes                                                   */
  85:Generated_Source\PSoC4/cyfitter_cfg.c **** #define CYCLOCKSTART_NO_ERROR    0u
  86:Generated_Source\PSoC4/cyfitter_cfg.c **** #define CYCLOCKSTART_XTAL_ERROR  1u
  87:Generated_Source\PSoC4/cyfitter_cfg.c **** #define CYCLOCKSTART_32KHZ_ERROR 2u
  88:Generated_Source\PSoC4/cyfitter_cfg.c **** #define CYCLOCKSTART_PLL_ERROR   3u
  89:Generated_Source\PSoC4/cyfitter_cfg.c **** 
  90:Generated_Source\PSoC4/cyfitter_cfg.c **** 
  91:Generated_Source\PSoC4/cyfitter_cfg.c **** #ifdef CY_NEED_CYCLOCKSTARTUPERROR
  92:Generated_Source\PSoC4/cyfitter_cfg.c **** /*******************************************************************************
  93:Generated_Source\PSoC4/cyfitter_cfg.c **** * Function Name: CyClockStartupError
  94:Generated_Source\PSoC4/cyfitter_cfg.c **** ********************************************************************************
  95:Generated_Source\PSoC4/cyfitter_cfg.c **** * Summary:
  96:Generated_Source\PSoC4/cyfitter_cfg.c **** *  If an error is encountered during clock configuration (crystal startup error,
  97:Generated_Source\PSoC4/cyfitter_cfg.c **** *  PLL lock error, etc.), the system will end up here.  Unless reimplemented by
  98:Generated_Source\PSoC4/cyfitter_cfg.c **** *  the customer, this function will stop in an infinite loop.
  99:Generated_Source\PSoC4/cyfitter_cfg.c **** *
 100:Generated_Source\PSoC4/cyfitter_cfg.c **** * Parameters:
 101:Generated_Source\PSoC4/cyfitter_cfg.c **** *   void
 102:Generated_Source\PSoC4/cyfitter_cfg.c **** *
 103:Generated_Source\PSoC4/cyfitter_cfg.c **** * Return:
 104:Generated_Source\PSoC4/cyfitter_cfg.c **** *   void
 105:Generated_Source\PSoC4/cyfitter_cfg.c **** *
 106:Generated_Source\PSoC4/cyfitter_cfg.c **** *******************************************************************************/
 107:Generated_Source\PSoC4/cyfitter_cfg.c **** CY_CFG_UNUSED
 108:Generated_Source\PSoC4/cyfitter_cfg.c **** static void CyClockStartupError(uint8 errorCode);
 109:Generated_Source\PSoC4/cyfitter_cfg.c **** CY_CFG_UNUSED
 110:Generated_Source\PSoC4/cyfitter_cfg.c **** static void CyClockStartupError(uint8 errorCode)
 111:Generated_Source\PSoC4/cyfitter_cfg.c **** {
 112:Generated_Source\PSoC4/cyfitter_cfg.c ****     /* To remove the compiler warning if errorCode not used.                */
 113:Generated_Source\PSoC4/cyfitter_cfg.c ****     errorCode = errorCode;
 114:Generated_Source\PSoC4/cyfitter_cfg.c **** 
 115:Generated_Source\PSoC4/cyfitter_cfg.c ****     /* If we have a clock startup error (bad MHz crystal, PLL lock, etc.),  */
 116:Generated_Source\PSoC4/cyfitter_cfg.c ****     /* we will end up here to allow the customer to implement something to  */
 117:Generated_Source\PSoC4/cyfitter_cfg.c ****     /* deal with the clock condition.                                       */
 118:Generated_Source\PSoC4/cyfitter_cfg.c **** 
 119:Generated_Source\PSoC4/cyfitter_cfg.c **** #ifdef CY_CFG_CLOCK_STARTUP_ERROR_CALLBACK
 120:Generated_Source\PSoC4/cyfitter_cfg.c **** 	CY_CFG_Clock_Startup_ErrorCallback();
 121:Generated_Source\PSoC4/cyfitter_cfg.c **** #else
ARM GAS  C:\Users\Pablo\AppData\Local\Temp\ccCm4cB1.s 			page 4


 122:Generated_Source\PSoC4/cyfitter_cfg.c **** 	/*  If not using CY_CFG_CLOCK_STARTUP_ERROR_CALLBACK, place your clock startup code here. */
 123:Generated_Source\PSoC4/cyfitter_cfg.c ****     /* `#START CyClockStartupError` */
 124:Generated_Source\PSoC4/cyfitter_cfg.c **** 
 125:Generated_Source\PSoC4/cyfitter_cfg.c **** 
 126:Generated_Source\PSoC4/cyfitter_cfg.c **** 
 127:Generated_Source\PSoC4/cyfitter_cfg.c ****     /* `#END` */
 128:Generated_Source\PSoC4/cyfitter_cfg.c **** 
 129:Generated_Source\PSoC4/cyfitter_cfg.c ****     /* If nothing else, stop here since the clocks have not started         */
 130:Generated_Source\PSoC4/cyfitter_cfg.c ****     /* correctly.                                                           */
 131:Generated_Source\PSoC4/cyfitter_cfg.c ****     while(1) {}
 132:Generated_Source\PSoC4/cyfitter_cfg.c **** #endif /* CY_CFG_CLOCK_STARTUP_ERROR_CALLBACK */ 
 133:Generated_Source\PSoC4/cyfitter_cfg.c **** }
 134:Generated_Source\PSoC4/cyfitter_cfg.c **** #endif
 135:Generated_Source\PSoC4/cyfitter_cfg.c **** 
 136:Generated_Source\PSoC4/cyfitter_cfg.c **** 
 137:Generated_Source\PSoC4/cyfitter_cfg.c **** 
 138:Generated_Source\PSoC4/cyfitter_cfg.c **** /*******************************************************************************
 139:Generated_Source\PSoC4/cyfitter_cfg.c **** * Function Name: ClockSetup
 140:Generated_Source\PSoC4/cyfitter_cfg.c **** ********************************************************************************
 141:Generated_Source\PSoC4/cyfitter_cfg.c **** *
 142:Generated_Source\PSoC4/cyfitter_cfg.c **** * Summary:
 143:Generated_Source\PSoC4/cyfitter_cfg.c **** *   Performs the initialization of all of the clocks in the device based on the
 144:Generated_Source\PSoC4/cyfitter_cfg.c **** *   settings in the Clock tab of the DWR.  This includes enabling the requested
 145:Generated_Source\PSoC4/cyfitter_cfg.c **** *   clocks and setting the necessary dividers to produce the desired frequency. 
 146:Generated_Source\PSoC4/cyfitter_cfg.c **** *
 147:Generated_Source\PSoC4/cyfitter_cfg.c **** * Parameters:
 148:Generated_Source\PSoC4/cyfitter_cfg.c **** *   void
 149:Generated_Source\PSoC4/cyfitter_cfg.c **** *
 150:Generated_Source\PSoC4/cyfitter_cfg.c **** * Return:
 151:Generated_Source\PSoC4/cyfitter_cfg.c **** *   void
 152:Generated_Source\PSoC4/cyfitter_cfg.c **** *
 153:Generated_Source\PSoC4/cyfitter_cfg.c **** *******************************************************************************/
 154:Generated_Source\PSoC4/cyfitter_cfg.c **** static void ClockSetup(void);
 155:Generated_Source\PSoC4/cyfitter_cfg.c **** CY_CFG_SECTION
 156:Generated_Source\PSoC4/cyfitter_cfg.c **** static void ClockSetup(void)
 157:Generated_Source\PSoC4/cyfitter_cfg.c **** {
  51              		.loc 1 157 0
  52              		.cfi_startproc
  53 0000 38B5     		push	{r3, r4, r5, lr}
  54              		.cfi_def_cfa_offset 16
  55              		.cfi_offset 3, -16
  56              		.cfi_offset 4, -12
  57              		.cfi_offset 5, -8
  58              		.cfi_offset 14, -4
 158:Generated_Source\PSoC4/cyfitter_cfg.c **** 	/* Enable HALF_EN before trimming for the flash accelerator. */
 159:Generated_Source\PSoC4/cyfitter_cfg.c **** 	CY_SET_REG32((void CYXDATA *)(CYREG_CLK_SELECT), (CY_GET_REG32((void *)CYREG_CLK_SELECT) | 0x00040
  59              		.loc 1 159 0
  60 0002 114C     		ldr	r4, .L3
  61 0004 2368     		ldr	r3, [r4]
  62 0006 8025     		mov	r5, #128
  63 0008 ED02     		lsl	r5, r5, #11
  64 000a 2B43     		orr	r3, r5
  65 000c 2360     		str	r3, [r4]
 160:Generated_Source\PSoC4/cyfitter_cfg.c **** 
 161:Generated_Source\PSoC4/cyfitter_cfg.c **** 	/* Setup and trim IMO based on desired frequency. */
 162:Generated_Source\PSoC4/cyfitter_cfg.c **** 	CySysClkWriteImoFreq(32u);
  66              		.loc 1 162 0
ARM GAS  C:\Users\Pablo\AppData\Local\Temp\ccCm4cB1.s 			page 5


  67 000e 2020     		mov	r0, #32
  68 0010 FFF7FEFF 		bl	CySysClkWriteImoFreq
  69              	.LVL3:
 163:Generated_Source\PSoC4/cyfitter_cfg.c **** 	/* CYDEV_CLK_ILO_CONFIG Starting address: CYDEV_CLK_ILO_CONFIG */
 164:Generated_Source\PSoC4/cyfitter_cfg.c **** 	CY_SET_XTND_REG32((void CYFAR *)(CYREG_CLK_ILO_CONFIG), 0x80000006u);
  70              		.loc 1 164 0
  71 0014 0D4A     		ldr	r2, .L3+4
  72 0016 0E4B     		ldr	r3, .L3+8
  73 0018 1A60     		str	r2, [r3]
 165:Generated_Source\PSoC4/cyfitter_cfg.c **** 
 166:Generated_Source\PSoC4/cyfitter_cfg.c **** 
 167:Generated_Source\PSoC4/cyfitter_cfg.c **** 	/* CYDEV_CLK_SELECT00 Starting address: CYDEV_CLK_SELECT00 */
 168:Generated_Source\PSoC4/cyfitter_cfg.c **** 	CY_SET_XTND_REG32((void CYFAR *)(CYREG_CLK_SELECT02), 0x00000010u);
  74              		.loc 1 168 0
  75 001a 1022     		mov	r2, #16
  76 001c 0D4B     		ldr	r3, .L3+12
  77 001e 1A60     		str	r2, [r3]
 169:Generated_Source\PSoC4/cyfitter_cfg.c **** 
 170:Generated_Source\PSoC4/cyfitter_cfg.c **** 	/* CYDEV_CLK_IMO_CONFIG Starting address: CYDEV_CLK_IMO_CONFIG */
 171:Generated_Source\PSoC4/cyfitter_cfg.c **** 	CY_SET_XTND_REG32((void CYFAR *)(CYREG_CLK_IMO_CONFIG), 0x80000000u);
  78              		.loc 1 171 0
  79 0020 8022     		mov	r2, #128
  80 0022 1206     		lsl	r2, r2, #24
  81 0024 0C4B     		ldr	r3, .L3+16
  82 0026 1A60     		str	r2, [r3]
 172:Generated_Source\PSoC4/cyfitter_cfg.c **** 
 173:Generated_Source\PSoC4/cyfitter_cfg.c **** 	/* CYDEV_CLK_SELECT Starting address: CYDEV_CLK_SELECT */
 174:Generated_Source\PSoC4/cyfitter_cfg.c **** 	CY_SET_XTND_REG32((void CYFAR *)(CYREG_CLK_SELECT), 0x00040000u);
  83              		.loc 1 174 0
  84 0028 2560     		str	r5, [r4]
 175:Generated_Source\PSoC4/cyfitter_cfg.c **** 
 176:Generated_Source\PSoC4/cyfitter_cfg.c **** 	/* CYDEV_CLK_DIVIDER_A00 Starting address: CYDEV_CLK_DIVIDER_A00 */
 177:Generated_Source\PSoC4/cyfitter_cfg.c **** 	CY_SET_XTND_REG32((void CYFAR *)(CYREG_CLK_DIVIDER_A00), 0x80000115u);
  85              		.loc 1 177 0
  86 002a 0C4A     		ldr	r2, .L3+20
  87 002c 0C4B     		ldr	r3, .L3+24
  88 002e 1A60     		str	r2, [r3]
 178:Generated_Source\PSoC4/cyfitter_cfg.c **** 
 179:Generated_Source\PSoC4/cyfitter_cfg.c **** 	(void)CyIntSetVector(9u, &CySysWdtIsr);
  89              		.loc 1 179 0
  90 0030 0920     		mov	r0, #9
  91 0032 0C49     		ldr	r1, .L3+28
  92 0034 FFF7FEFF 		bl	CyIntSetVector
  93              	.LVL4:
 180:Generated_Source\PSoC4/cyfitter_cfg.c **** 	CyIntEnable(9u);
  94              		.loc 1 180 0
  95 0038 0920     		mov	r0, #9
  96 003a FFF7FEFF 		bl	CyIntEnable
  97              	.LVL5:
 181:Generated_Source\PSoC4/cyfitter_cfg.c **** 	CY_SET_XTND_REG32((void CYFAR *)(CYREG_WDT_CONFIG), 0x00000000u);
  98              		.loc 1 181 0
  99 003e 0022     		mov	r2, #0
 100 0040 094B     		ldr	r3, .L3+32
 101 0042 1A60     		str	r2, [r3]
 182:Generated_Source\PSoC4/cyfitter_cfg.c **** }
 102              		.loc 1 182 0
 103              		@ sp needed
ARM GAS  C:\Users\Pablo\AppData\Local\Temp\ccCm4cB1.s 			page 6


 104 0044 38BD     		pop	{r3, r4, r5, pc}
 105              	.L4:
 106 0046 C046     		.align	2
 107              	.L3:
 108 0048 00010B40 		.word	1074462976
 109 004c 06000080 		.word	-2147483642
 110 0050 04010B40 		.word	1074462980
 111 0054 08020240 		.word	1073873416
 112 0058 08010B40 		.word	1074462984
 113 005c 15010080 		.word	-2147483371
 114 0060 00000240 		.word	1073872896
 115 0064 00000000 		.word	CySysWdtIsr
 116 0068 0C020B40 		.word	1074463244
 117              		.cfi_endproc
 118              	.LFE3:
 119              		.size	ClockSetup, .-ClockSetup
 120              		.align	2
 121              		.global	cyfitter_cfg
 122              		.code	16
 123              		.thumb_func
 124              		.type	cyfitter_cfg, %function
 125              	cyfitter_cfg:
 126              	.LFB5:
 183:Generated_Source\PSoC4/cyfitter_cfg.c **** 
 184:Generated_Source\PSoC4/cyfitter_cfg.c **** 
 185:Generated_Source\PSoC4/cyfitter_cfg.c **** /* Analog API Functions */
 186:Generated_Source\PSoC4/cyfitter_cfg.c **** 
 187:Generated_Source\PSoC4/cyfitter_cfg.c **** 
 188:Generated_Source\PSoC4/cyfitter_cfg.c **** /*******************************************************************************
 189:Generated_Source\PSoC4/cyfitter_cfg.c **** * Function Name: AnalogSetDefault
 190:Generated_Source\PSoC4/cyfitter_cfg.c **** ********************************************************************************
 191:Generated_Source\PSoC4/cyfitter_cfg.c **** *
 192:Generated_Source\PSoC4/cyfitter_cfg.c **** * Summary:
 193:Generated_Source\PSoC4/cyfitter_cfg.c **** *  Sets up the analog portions of the chip to default values based on chip
 194:Generated_Source\PSoC4/cyfitter_cfg.c **** *  configuration options from the project.
 195:Generated_Source\PSoC4/cyfitter_cfg.c **** *
 196:Generated_Source\PSoC4/cyfitter_cfg.c **** * Parameters:
 197:Generated_Source\PSoC4/cyfitter_cfg.c **** *  void
 198:Generated_Source\PSoC4/cyfitter_cfg.c **** *
 199:Generated_Source\PSoC4/cyfitter_cfg.c **** * Return:
 200:Generated_Source\PSoC4/cyfitter_cfg.c **** *  void
 201:Generated_Source\PSoC4/cyfitter_cfg.c **** *
 202:Generated_Source\PSoC4/cyfitter_cfg.c **** *******************************************************************************/
 203:Generated_Source\PSoC4/cyfitter_cfg.c **** static void AnalogSetDefault(void);
 204:Generated_Source\PSoC4/cyfitter_cfg.c **** static void AnalogSetDefault(void)
 205:Generated_Source\PSoC4/cyfitter_cfg.c **** {
 206:Generated_Source\PSoC4/cyfitter_cfg.c **** }
 207:Generated_Source\PSoC4/cyfitter_cfg.c **** 
 208:Generated_Source\PSoC4/cyfitter_cfg.c **** #define CY_AMUX_UNUSED CYREG_CM0_ROM_DWT
 209:Generated_Source\PSoC4/cyfitter_cfg.c **** 
 210:Generated_Source\PSoC4/cyfitter_cfg.c **** 
 211:Generated_Source\PSoC4/cyfitter_cfg.c **** /*******************************************************************************
 212:Generated_Source\PSoC4/cyfitter_cfg.c **** * Function Name: cyfitter_cfg
 213:Generated_Source\PSoC4/cyfitter_cfg.c **** ********************************************************************************
 214:Generated_Source\PSoC4/cyfitter_cfg.c **** * Summary:
 215:Generated_Source\PSoC4/cyfitter_cfg.c **** *  This function is called by the start-up code for the selected device. It
 216:Generated_Source\PSoC4/cyfitter_cfg.c **** *  performs all of the necessary device configuration based on the design
ARM GAS  C:\Users\Pablo\AppData\Local\Temp\ccCm4cB1.s 			page 7


 217:Generated_Source\PSoC4/cyfitter_cfg.c **** *  settings.  This includes settings from the Design Wide Resources (DWR) such
 218:Generated_Source\PSoC4/cyfitter_cfg.c **** *  as Clocks and Pins as well as any component configuration that is necessary.
 219:Generated_Source\PSoC4/cyfitter_cfg.c **** *
 220:Generated_Source\PSoC4/cyfitter_cfg.c **** * Parameters:  
 221:Generated_Source\PSoC4/cyfitter_cfg.c **** *   void
 222:Generated_Source\PSoC4/cyfitter_cfg.c **** *
 223:Generated_Source\PSoC4/cyfitter_cfg.c **** * Return:
 224:Generated_Source\PSoC4/cyfitter_cfg.c **** *   void
 225:Generated_Source\PSoC4/cyfitter_cfg.c **** *
 226:Generated_Source\PSoC4/cyfitter_cfg.c **** *******************************************************************************/
 227:Generated_Source\PSoC4/cyfitter_cfg.c **** CY_CFG_SECTION
 228:Generated_Source\PSoC4/cyfitter_cfg.c **** void cyfitter_cfg(void)
 229:Generated_Source\PSoC4/cyfitter_cfg.c **** {
 127              		.loc 1 229 0
 128              		.cfi_startproc
 129 006c 10B5     		push	{r4, lr}
 130              		.cfi_def_cfa_offset 8
 131              		.cfi_offset 4, -8
 132              		.cfi_offset 14, -4
 230:Generated_Source\PSoC4/cyfitter_cfg.c **** 	/* Disable interrupts by default. Let user enable if/when they want. */
 231:Generated_Source\PSoC4/cyfitter_cfg.c **** 	CyGlobalIntDisable;
 133              		.loc 1 231 0
 134              	@ 231 "Generated_Source\PSoC4\cyfitter_cfg.c" 1
 135 006e 72B6     		CPSID   i
 136              	@ 0 "" 2
 137              	.LVL6:
 138              		.code	16
 139              	.LBB2:
 232:Generated_Source\PSoC4/cyfitter_cfg.c **** 
 233:Generated_Source\PSoC4/cyfitter_cfg.c **** 	{
 234:Generated_Source\PSoC4/cyfitter_cfg.c **** 
 235:Generated_Source\PSoC4/cyfitter_cfg.c **** 		CYPACKED typedef struct {
 236:Generated_Source\PSoC4/cyfitter_cfg.c **** 			void CYFAR *address;
 237:Generated_Source\PSoC4/cyfitter_cfg.c **** 			uint16 size;
 238:Generated_Source\PSoC4/cyfitter_cfg.c **** 		} CYPACKED_ATTR cfg_memset_t;
 239:Generated_Source\PSoC4/cyfitter_cfg.c **** 
 240:Generated_Source\PSoC4/cyfitter_cfg.c **** 		static const cfg_memset_t CYCODE cfg_memset_list [] = {
 241:Generated_Source\PSoC4/cyfitter_cfg.c **** 			/* address, size */
 242:Generated_Source\PSoC4/cyfitter_cfg.c **** 			{(void CYFAR *)(CYDEV_UDB_P0_U0_BASE), 1024u},
 243:Generated_Source\PSoC4/cyfitter_cfg.c **** 			{(void CYFAR *)(CYDEV_UDB_DSI0_BASE), 1024u},
 244:Generated_Source\PSoC4/cyfitter_cfg.c **** 		};
 245:Generated_Source\PSoC4/cyfitter_cfg.c **** 
 246:Generated_Source\PSoC4/cyfitter_cfg.c **** 		uint8 CYDATA i;
 247:Generated_Source\PSoC4/cyfitter_cfg.c **** 
 248:Generated_Source\PSoC4/cyfitter_cfg.c **** 		/* Zero out critical memory blocks before beginning configuration */
 249:Generated_Source\PSoC4/cyfitter_cfg.c **** 		for (i = 0u; i < (sizeof(cfg_memset_list)/sizeof(cfg_memset_list[0])); i++)
 140              		.loc 1 249 0
 141 0070 0024     		mov	r4, #0
 142 0072 10E0     		b	.L6
 143              	.LVL7:
 144              	.L7:
 145              	.LBB3:
 250:Generated_Source\PSoC4/cyfitter_cfg.c **** 		{
 251:Generated_Source\PSoC4/cyfitter_cfg.c **** 			const cfg_memset_t CYCODE * CYDATA ms = &cfg_memset_list[i];
 252:Generated_Source\PSoC4/cyfitter_cfg.c **** 			CYMEMZERO(ms->address, (size_t)(uint32)(ms->size));
 146              		.loc 1 252 0 discriminator 3
 147 0074 2048     		ldr	r0, .L8
ARM GAS  C:\Users\Pablo\AppData\Local\Temp\ccCm4cB1.s 			page 8


 148 0076 6300     		lsl	r3, r4, #1
 149 0078 1A19     		add	r2, r3, r4
 150 007a 5200     		lsl	r2, r2, #1
 151 007c 8218     		add	r2, r0, r2
 152 007e 9188     		ldrh	r1, [r2, #4]
 153 0080 1B19     		add	r3, r3, r4
 154 0082 5B00     		lsl	r3, r3, #1
 155 0084 1A5A     		ldrh	r2, [r3, r0]
 156 0086 C318     		add	r3, r0, r3
 157 0088 5888     		ldrh	r0, [r3, #2]
 158 008a 0004     		lsl	r0, r0, #16
 159 008c 1043     		orr	r0, r2
 160 008e FFF7FEFF 		bl	CYMEMZERO
 161              	.LVL8:
 162              	.LBE3:
 249:Generated_Source\PSoC4/cyfitter_cfg.c **** 		{
 163              		.loc 1 249 0 discriminator 3
 164 0092 0134     		add	r4, r4, #1
 165              	.LVL9:
 166 0094 E4B2     		uxtb	r4, r4
 167              	.LVL10:
 168              	.L6:
 249:Generated_Source\PSoC4/cyfitter_cfg.c **** 		{
 169              		.loc 1 249 0 is_stmt 0 discriminator 1
 170 0096 012C     		cmp	r4, #1
 171 0098 ECD9     		bls	.L7
 253:Generated_Source\PSoC4/cyfitter_cfg.c **** 		}
 254:Generated_Source\PSoC4/cyfitter_cfg.c **** 
 255:Generated_Source\PSoC4/cyfitter_cfg.c **** 		/* HSIOM Starting address: CYDEV_HSIOM_BASE */
 256:Generated_Source\PSoC4/cyfitter_cfg.c **** 		CY_SET_XTND_REG32((void CYFAR *)(CYREG_HSIOM_PORT_SEL3), 0x0000EE00u);
 172              		.loc 1 256 0 is_stmt 1
 173 009a EE22     		mov	r2, #238
 174 009c 1202     		lsl	r2, r2, #8
 175 009e 174B     		ldr	r3, .L8+4
 176 00a0 1A60     		str	r2, [r3]
 257:Generated_Source\PSoC4/cyfitter_cfg.c **** 		CY_SET_XTND_REG32((void CYFAR *)(CYREG_HSIOM_PORT_SEL4), 0x00000099u);
 177              		.loc 1 257 0
 178 00a2 9922     		mov	r2, #153
 179 00a4 164B     		ldr	r3, .L8+8
 180 00a6 1A60     		str	r2, [r3]
 258:Generated_Source\PSoC4/cyfitter_cfg.c **** 
 259:Generated_Source\PSoC4/cyfitter_cfg.c **** 		/* UDB_PA_0 Starting address: CYDEV_UDB_PA0_BASE */
 260:Generated_Source\PSoC4/cyfitter_cfg.c **** 		CY_SET_XTND_REG32((void CYFAR *)(CYDEV_UDB_PA0_BASE), 0x00990000u);
 181              		.loc 1 260 0
 182 00a8 9923     		mov	r3, #153
 183 00aa 1B04     		lsl	r3, r3, #16
 184 00ac 154A     		ldr	r2, .L8+12
 185 00ae 1360     		str	r3, [r2]
 261:Generated_Source\PSoC4/cyfitter_cfg.c **** 
 262:Generated_Source\PSoC4/cyfitter_cfg.c **** 		/* UDB_PA_3 Starting address: CYDEV_UDB_PA3_BASE */
 263:Generated_Source\PSoC4/cyfitter_cfg.c **** 		CY_SET_XTND_REG32((void CYFAR *)(CYDEV_UDB_PA3_BASE), 0x00990000u);
 186              		.loc 1 263 0
 187 00b0 154A     		ldr	r2, .L8+16
 188 00b2 1360     		str	r3, [r2]
 264:Generated_Source\PSoC4/cyfitter_cfg.c **** 
 265:Generated_Source\PSoC4/cyfitter_cfg.c **** 		/* Enable digital routing */
 266:Generated_Source\PSoC4/cyfitter_cfg.c **** 		CY_SET_XTND_REG8((void *)CYREG_UDB_UDBIF_BANK_CTL, CY_GET_XTND_REG8((void *)CYREG_UDB_UDBIF_BANK_
ARM GAS  C:\Users\Pablo\AppData\Local\Temp\ccCm4cB1.s 			page 9


 189              		.loc 1 266 0
 190 00b4 154B     		ldr	r3, .L8+20
 191 00b6 1978     		ldrb	r1, [r3]
 192 00b8 0220     		mov	r0, #2
 193 00ba 0222     		mov	r2, #2
 194 00bc 0A43     		orr	r2, r1
 195 00be 1A70     		strb	r2, [r3]
 267:Generated_Source\PSoC4/cyfitter_cfg.c **** 
 268:Generated_Source\PSoC4/cyfitter_cfg.c **** 		/* Enable UDB array */
 269:Generated_Source\PSoC4/cyfitter_cfg.c **** 		CY_SET_XTND_REG8((void *)CYREG_UDB_UDBIF_WAIT_CFG, (uint8)((CY_GET_XTND_REG8((void *)CYREG_UDB_UD
 196              		.loc 1 269 0
 197 00c0 134C     		ldr	r4, .L8+24
 198              	.LVL11:
 199 00c2 2278     		ldrb	r2, [r4]
 200 00c4 3C21     		mov	r1, #60
 201 00c6 8A43     		bic	r2, r1
 202 00c8 2839     		sub	r1, r1, #40
 203 00ca 0A43     		orr	r2, r1
 204 00cc 2270     		strb	r2, [r4]
 270:Generated_Source\PSoC4/cyfitter_cfg.c **** 		CY_SET_XTND_REG8((void *)CYREG_UDB_UDBIF_BANK_CTL, (uint8)(CY_GET_XTND_REG8((void *)CYREG_UDB_UDB
 205              		.loc 1 270 0
 206 00ce 1978     		ldrb	r1, [r3]
 207 00d0 1622     		mov	r2, #22
 208 00d2 0A43     		orr	r2, r1
 209 00d4 1A70     		strb	r2, [r3]
 210              	.LBE2:
 271:Generated_Source\PSoC4/cyfitter_cfg.c **** 	}
 272:Generated_Source\PSoC4/cyfitter_cfg.c **** 
 273:Generated_Source\PSoC4/cyfitter_cfg.c **** 	/* Perform second pass device configuration. These items must be configured in specific order afte
 274:Generated_Source\PSoC4/cyfitter_cfg.c **** 	/* IOPINS0_0 Starting address: CYDEV_PRT0_BASE */
 275:Generated_Source\PSoC4/cyfitter_cfg.c **** 	CY_SET_XTND_REG32((void CYFAR *)(CYREG_PRT0_PC), 0x00C00C06u);
 211              		.loc 1 275 0
 212 00d6 0F4A     		ldr	r2, .L8+28
 213 00d8 0F4B     		ldr	r3, .L8+32
 214 00da 1A60     		str	r2, [r3]
 276:Generated_Source\PSoC4/cyfitter_cfg.c **** 
 277:Generated_Source\PSoC4/cyfitter_cfg.c **** 	/* IOPINS0_3 Starting address: CYDEV_PRT3_BASE */
 278:Generated_Source\PSoC4/cyfitter_cfg.c **** 	CY_SET_XTND_REG32((void CYFAR *)(CYREG_PRT3_PC), 0x00000D80u);
 215              		.loc 1 278 0
 216 00dc D822     		mov	r2, #216
 217 00de 1201     		lsl	r2, r2, #4
 218 00e0 0E4B     		ldr	r3, .L8+36
 219 00e2 1A60     		str	r2, [r3]
 279:Generated_Source\PSoC4/cyfitter_cfg.c **** 
 280:Generated_Source\PSoC4/cyfitter_cfg.c **** 	/* IOPINS0_4 Starting address: CYDEV_PRT4_BASE */
 281:Generated_Source\PSoC4/cyfitter_cfg.c **** 	CY_SET_XTND_REG32((void CYFAR *)(CYDEV_PRT4_BASE), 0x00000002u);
 220              		.loc 1 281 0
 221 00e4 0E4B     		ldr	r3, .L8+40
 222 00e6 1860     		str	r0, [r3]
 282:Generated_Source\PSoC4/cyfitter_cfg.c **** 	CY_SET_XTND_REG32((void CYFAR *)(CYREG_PRT4_PC), 0x00000031u);
 223              		.loc 1 282 0
 224 00e8 3122     		mov	r2, #49
 225 00ea 0E4B     		ldr	r3, .L8+44
 226 00ec 1A60     		str	r2, [r3]
 283:Generated_Source\PSoC4/cyfitter_cfg.c **** 	CY_SET_XTND_REG32((void CYFAR *)(CYREG_PRT4_PC2), 0x00000002u);
 227              		.loc 1 283 0
 228 00ee 0E4B     		ldr	r3, .L8+48
ARM GAS  C:\Users\Pablo\AppData\Local\Temp\ccCm4cB1.s 			page 10


 229 00f0 1860     		str	r0, [r3]
 284:Generated_Source\PSoC4/cyfitter_cfg.c **** 
 285:Generated_Source\PSoC4/cyfitter_cfg.c **** 
 286:Generated_Source\PSoC4/cyfitter_cfg.c **** 	/* Setup clocks based on selections from Clock DWR */
 287:Generated_Source\PSoC4/cyfitter_cfg.c **** 	ClockSetup();
 230              		.loc 1 287 0
 231 00f2 FFF785FF 		bl	ClockSetup
 232              	.LVL12:
 288:Generated_Source\PSoC4/cyfitter_cfg.c **** 
 289:Generated_Source\PSoC4/cyfitter_cfg.c **** 	/* Perform basic analog initialization to defaults */
 290:Generated_Source\PSoC4/cyfitter_cfg.c **** 	AnalogSetDefault();
 291:Generated_Source\PSoC4/cyfitter_cfg.c **** 
 292:Generated_Source\PSoC4/cyfitter_cfg.c **** }
 233              		.loc 1 292 0
 234              		@ sp needed
 235 00f6 10BD     		pop	{r4, pc}
 236              	.L9:
 237              		.align	2
 238              	.L8:
 239 00f8 00000000 		.word	.LANCHOR0
 240 00fc 0C000140 		.word	1073807372
 241 0100 10000140 		.word	1073807376
 242 0104 00500F40 		.word	1074745344
 243 0108 30500F40 		.word	1074745392
 244 010c 00700F40 		.word	1074753536
 245 0110 01700F40 		.word	1074753537
 246 0114 060CC000 		.word	12585990
 247 0118 08000440 		.word	1074003976
 248 011c 08030440 		.word	1074004744
 249 0120 00040440 		.word	1074004992
 250 0124 08040440 		.word	1074005000
 251 0128 18040440 		.word	1074005016
 252              		.cfi_endproc
 253              	.LFE5:
 254              		.size	cyfitter_cfg, .-cyfitter_cfg
 255              		.section	.rodata
 256              		.align	2
 257              		.set	.LANCHOR0,. + 0
 258              		.type	cfg_memset_list.4725, %object
 259              		.size	cfg_memset_list.4725, 12
 260              	cfg_memset_list.4725:
 261 0000 00300F40 		.word	1074737152
 262 0004 0004     		.short	1024
 263 0006 00400F40 		.4byte	1074741248
 264 000a 0004     		.short	1024
 265              		.text
 266              	.Letext0:
 267              		.file 2 "c:\\program files (x86)\\cypress\\psoc creator\\4.0\\psoc creator\\import\\gnu\\arm\\4.9.
 268              		.file 3 "Generated_Source\\PSoC4\\cytypes.h"
 269              		.file 4 "Generated_Source\\PSoC4\\CyLib.h"
 270              		.section	.debug_info,"",%progbits
 271              	.Ldebug_info0:
 272 0000 90020000 		.4byte	0x290
 273 0004 0400     		.2byte	0x4
 274 0006 00000000 		.4byte	.Ldebug_abbrev0
 275 000a 04       		.byte	0x4
 276 000b 01       		.uleb128 0x1
ARM GAS  C:\Users\Pablo\AppData\Local\Temp\ccCm4cB1.s 			page 11


 277 000c 5E010000 		.4byte	.LASF28
 278 0010 01       		.byte	0x1
 279 0011 20020000 		.4byte	.LASF29
 280 0015 6C000000 		.4byte	.LASF30
 281 0019 00000000 		.4byte	.Ldebug_ranges0+0
 282 001d 00000000 		.4byte	0
 283 0021 00000000 		.4byte	.Ldebug_line0
 284 0025 02       		.uleb128 0x2
 285 0026 04       		.byte	0x4
 286 0027 05       		.byte	0x5
 287 0028 696E7400 		.ascii	"int\000"
 288 002c 03       		.uleb128 0x3
 289 002d 06000000 		.4byte	.LASF11
 290 0031 02       		.byte	0x2
 291 0032 D4       		.byte	0xd4
 292 0033 37000000 		.4byte	0x37
 293 0037 04       		.uleb128 0x4
 294 0038 04       		.byte	0x4
 295 0039 07       		.byte	0x7
 296 003a EF000000 		.4byte	.LASF0
 297 003e 04       		.uleb128 0x4
 298 003f 01       		.byte	0x1
 299 0040 06       		.byte	0x6
 300 0041 14020000 		.4byte	.LASF1
 301 0045 04       		.uleb128 0x4
 302 0046 01       		.byte	0x1
 303 0047 08       		.byte	0x8
 304 0048 B9000000 		.4byte	.LASF2
 305 004c 04       		.uleb128 0x4
 306 004d 02       		.byte	0x2
 307 004e 05       		.byte	0x5
 308 004f EC010000 		.4byte	.LASF3
 309 0053 04       		.uleb128 0x4
 310 0054 02       		.byte	0x2
 311 0055 07       		.byte	0x7
 312 0056 37000000 		.4byte	.LASF4
 313 005a 04       		.uleb128 0x4
 314 005b 04       		.byte	0x4
 315 005c 05       		.byte	0x5
 316 005d 0B020000 		.4byte	.LASF5
 317 0061 04       		.uleb128 0x4
 318 0062 04       		.byte	0x4
 319 0063 07       		.byte	0x7
 320 0064 5A000000 		.4byte	.LASF6
 321 0068 04       		.uleb128 0x4
 322 0069 08       		.byte	0x8
 323 006a 05       		.byte	0x5
 324 006b 4B010000 		.4byte	.LASF7
 325 006f 04       		.uleb128 0x4
 326 0070 08       		.byte	0x8
 327 0071 07       		.byte	0x7
 328 0072 11010000 		.4byte	.LASF8
 329 0076 04       		.uleb128 0x4
 330 0077 04       		.byte	0x4
 331 0078 07       		.byte	0x7
 332 0079 42010000 		.4byte	.LASF9
 333 007d 05       		.uleb128 0x5
ARM GAS  C:\Users\Pablo\AppData\Local\Temp\ccCm4cB1.s 			page 12


 334 007e 04       		.byte	0x4
 335 007f 06       		.uleb128 0x6
 336 0080 04       		.byte	0x4
 337 0081 85000000 		.4byte	0x85
 338 0085 07       		.uleb128 0x7
 339 0086 04       		.uleb128 0x4
 340 0087 01       		.byte	0x1
 341 0088 08       		.byte	0x8
 342 0089 59010000 		.4byte	.LASF10
 343 008d 08       		.uleb128 0x8
 344 008e A9000000 		.4byte	.LASF12
 345 0092 03       		.byte	0x3
 346 0093 B901     		.2byte	0x1b9
 347 0095 45000000 		.4byte	0x45
 348 0099 08       		.uleb128 0x8
 349 009a E1000000 		.4byte	.LASF13
 350 009e 03       		.byte	0x3
 351 009f BA01     		.2byte	0x1ba
 352 00a1 53000000 		.4byte	0x53
 353 00a5 08       		.uleb128 0x8
 354 00a6 E8000000 		.4byte	.LASF14
 355 00aa 03       		.byte	0x3
 356 00ab BB01     		.2byte	0x1bb
 357 00ad 61000000 		.4byte	0x61
 358 00b1 04       		.uleb128 0x4
 359 00b2 04       		.byte	0x4
 360 00b3 04       		.byte	0x4
 361 00b4 4A000000 		.4byte	.LASF15
 362 00b8 04       		.uleb128 0x4
 363 00b9 08       		.byte	0x8
 364 00ba 04       		.byte	0x4
 365 00bb CE000000 		.4byte	.LASF16
 366 00bf 08       		.uleb128 0x8
 367 00c0 55000000 		.4byte	.LASF17
 368 00c4 03       		.byte	0x3
 369 00c5 6302     		.2byte	0x263
 370 00c7 CB000000 		.4byte	0xcb
 371 00cb 09       		.uleb128 0x9
 372 00cc 8D000000 		.4byte	0x8d
 373 00d0 08       		.uleb128 0x8
 374 00d1 00000000 		.4byte	.LASF18
 375 00d5 03       		.byte	0x3
 376 00d6 6502     		.2byte	0x265
 377 00d8 DC000000 		.4byte	0xdc
 378 00dc 09       		.uleb128 0x9
 379 00dd A5000000 		.4byte	0xa5
 380 00e1 08       		.uleb128 0x8
 381 00e2 28010000 		.4byte	.LASF19
 382 00e6 03       		.byte	0x3
 383 00e7 7502     		.2byte	0x275
 384 00e9 7F000000 		.4byte	0x7f
 385 00ed 0A       		.uleb128 0xa
 386 00ee AF000000 		.4byte	.LASF20
 387 00f2 01       		.byte	0x1
 388 00f3 3E       		.byte	0x3e
 389 00f4 00000000 		.4byte	.LFB0
 390 00f8 0C000000 		.4byte	.LFE0-.LFB0
ARM GAS  C:\Users\Pablo\AppData\Local\Temp\ccCm4cB1.s 			page 13


 391 00fc 01       		.uleb128 0x1
 392 00fd 9C       		.byte	0x9c
 393 00fe 3A010000 		.4byte	0x13a
 394 0102 0B       		.uleb128 0xb
 395 0103 7300     		.ascii	"s\000"
 396 0105 01       		.byte	0x1
 397 0106 3E       		.byte	0x3e
 398 0107 7D000000 		.4byte	0x7d
 399 010b 00000000 		.4byte	.LLST0
 400 010f 0B       		.uleb128 0xb
 401 0110 6E00     		.ascii	"n\000"
 402 0112 01       		.byte	0x1
 403 0113 3E       		.byte	0x3e
 404 0114 2C000000 		.4byte	0x2c
 405 0118 21000000 		.4byte	.LLST1
 406 011c 0C       		.uleb128 0xc
 407 011d 0A000000 		.4byte	.LVL2
 408 0121 3E020000 		.4byte	0x23e
 409 0125 0D       		.uleb128 0xd
 410 0126 01       		.uleb128 0x1
 411 0127 52       		.byte	0x52
 412 0128 03       		.uleb128 0x3
 413 0129 F3       		.byte	0xf3
 414 012a 01       		.uleb128 0x1
 415 012b 51       		.byte	0x51
 416 012c 0D       		.uleb128 0xd
 417 012d 01       		.uleb128 0x1
 418 012e 51       		.byte	0x51
 419 012f 01       		.uleb128 0x1
 420 0130 30       		.byte	0x30
 421 0131 0D       		.uleb128 0xd
 422 0132 01       		.uleb128 0x1
 423 0133 50       		.byte	0x50
 424 0134 03       		.uleb128 0x3
 425 0135 F3       		.byte	0xf3
 426 0136 01       		.uleb128 0x1
 427 0137 50       		.byte	0x50
 428 0138 00       		.byte	0
 429 0139 00       		.byte	0
 430 013a 0A       		.uleb128 0xa
 431 013b 2C000000 		.4byte	.LASF21
 432 013f 01       		.byte	0x1
 433 0140 9C       		.byte	0x9c
 434 0141 00000000 		.4byte	.LFB3
 435 0145 6C000000 		.4byte	.LFE3-.LFB3
 436 0149 01       		.uleb128 0x1
 437 014a 9C       		.byte	0x9c
 438 014b 86010000 		.4byte	0x186
 439 014f 0E       		.uleb128 0xe
 440 0150 14000000 		.4byte	.LVL3
 441 0154 5B020000 		.4byte	0x25b
 442 0158 63010000 		.4byte	0x163
 443 015c 0D       		.uleb128 0xd
 444 015d 01       		.uleb128 0x1
 445 015e 50       		.byte	0x50
 446 015f 02       		.uleb128 0x2
 447 0160 08       		.byte	0x8
ARM GAS  C:\Users\Pablo\AppData\Local\Temp\ccCm4cB1.s 			page 14


 448 0161 20       		.byte	0x20
 449 0162 00       		.byte	0
 450 0163 0E       		.uleb128 0xe
 451 0164 38000000 		.4byte	.LVL4
 452 0168 6C020000 		.4byte	0x26c
 453 016c 76010000 		.4byte	0x176
 454 0170 0D       		.uleb128 0xd
 455 0171 01       		.uleb128 0x1
 456 0172 50       		.byte	0x50
 457 0173 01       		.uleb128 0x1
 458 0174 39       		.byte	0x39
 459 0175 00       		.byte	0
 460 0176 0C       		.uleb128 0xc
 461 0177 3E000000 		.4byte	.LVL5
 462 017b 86020000 		.4byte	0x286
 463 017f 0D       		.uleb128 0xd
 464 0180 01       		.uleb128 0x1
 465 0181 50       		.byte	0x50
 466 0182 01       		.uleb128 0x1
 467 0183 39       		.byte	0x39
 468 0184 00       		.byte	0
 469 0185 00       		.byte	0
 470 0186 0F       		.uleb128 0xf
 471 0187 FC000000 		.4byte	.LASF31
 472 018b 01       		.byte	0x1
 473 018c E4       		.byte	0xe4
 474 018d 6C000000 		.4byte	.LFB5
 475 0191 C0000000 		.4byte	.LFE5-.LFB5
 476 0195 01       		.uleb128 0x1
 477 0196 9C       		.byte	0x9c
 478 0197 3E020000 		.4byte	0x23e
 479 019b 10       		.uleb128 0x10
 480 019c 70000000 		.4byte	.LBB2
 481 01a0 66000000 		.4byte	.LBE2-.LBB2
 482 01a4 34020000 		.4byte	0x234
 483 01a8 11       		.uleb128 0x11
 484 01a9 06       		.byte	0x6
 485 01aa 01       		.byte	0x1
 486 01ab EB       		.byte	0xeb
 487 01ac C9010000 		.4byte	0x1c9
 488 01b0 12       		.uleb128 0x12
 489 01b1 09010000 		.4byte	.LASF22
 490 01b5 01       		.byte	0x1
 491 01b6 EC       		.byte	0xec
 492 01b7 7D000000 		.4byte	0x7d
 493 01bb 00       		.byte	0
 494 01bc 12       		.uleb128 0x12
 495 01bd 50000000 		.4byte	.LASF23
 496 01c1 01       		.byte	0x1
 497 01c2 ED       		.byte	0xed
 498 01c3 99000000 		.4byte	0x99
 499 01c7 04       		.byte	0x4
 500 01c8 00       		.byte	0
 501 01c9 03       		.uleb128 0x3
 502 01ca 35010000 		.4byte	.LASF24
 503 01ce 01       		.byte	0x1
 504 01cf EE       		.byte	0xee
ARM GAS  C:\Users\Pablo\AppData\Local\Temp\ccCm4cB1.s 			page 15


 505 01d0 A8010000 		.4byte	0x1a8
 506 01d4 13       		.uleb128 0x13
 507 01d5 C9010000 		.4byte	0x1c9
 508 01d9 E4010000 		.4byte	0x1e4
 509 01dd 14       		.uleb128 0x14
 510 01de 76000000 		.4byte	0x76
 511 01e2 01       		.byte	0x1
 512 01e3 00       		.byte	0
 513 01e4 15       		.uleb128 0x15
 514 01e5 1C000000 		.4byte	.LASF25
 515 01e9 01       		.byte	0x1
 516 01ea F0       		.byte	0xf0
 517 01eb F5010000 		.4byte	0x1f5
 518 01ef 05       		.uleb128 0x5
 519 01f0 03       		.byte	0x3
 520 01f1 00000000 		.4byte	cfg_memset_list.4725
 521 01f5 16       		.uleb128 0x16
 522 01f6 D4010000 		.4byte	0x1d4
 523 01fa 17       		.uleb128 0x17
 524 01fb 6900     		.ascii	"i\000"
 525 01fd 01       		.byte	0x1
 526 01fe F6       		.byte	0xf6
 527 01ff 8D000000 		.4byte	0x8d
 528 0203 4D000000 		.4byte	.LLST2
 529 0207 18       		.uleb128 0x18
 530 0208 74000000 		.4byte	.LBB3
 531 020c 1E000000 		.4byte	.LBE3-.LBB3
 532 0210 17       		.uleb128 0x17
 533 0211 6D7300   		.ascii	"ms\000"
 534 0214 01       		.byte	0x1
 535 0215 FB       		.byte	0xfb
 536 0216 1E020000 		.4byte	0x21e
 537 021a 77000000 		.4byte	.LLST3
 538 021e 06       		.uleb128 0x6
 539 021f 04       		.byte	0x4
 540 0220 24020000 		.4byte	0x224
 541 0224 16       		.uleb128 0x16
 542 0225 C9010000 		.4byte	0x1c9
 543 0229 19       		.uleb128 0x19
 544 022a 92000000 		.4byte	.LVL8
 545 022e ED000000 		.4byte	0xed
 546 0232 00       		.byte	0
 547 0233 00       		.byte	0
 548 0234 19       		.uleb128 0x19
 549 0235 F6000000 		.4byte	.LVL12
 550 0239 3A010000 		.4byte	0x13a
 551 023d 00       		.byte	0
 552 023e 1A       		.uleb128 0x1a
 553 023f C7000000 		.4byte	.LASF26
 554 0243 7D000000 		.4byte	0x7d
 555 0247 5B020000 		.4byte	0x25b
 556 024b 1B       		.uleb128 0x1b
 557 024c 7D000000 		.4byte	0x7d
 558 0250 1B       		.uleb128 0x1b
 559 0251 25000000 		.4byte	0x25
 560 0255 1B       		.uleb128 0x1b
 561 0256 76000000 		.4byte	0x76
ARM GAS  C:\Users\Pablo\AppData\Local\Temp\ccCm4cB1.s 			page 16


 562 025a 00       		.byte	0
 563 025b 1C       		.uleb128 0x1c
 564 025c F6010000 		.4byte	.LASF27
 565 0260 04       		.byte	0x4
 566 0261 6C       		.byte	0x6c
 567 0262 6C020000 		.4byte	0x26c
 568 0266 1B       		.uleb128 0x1b
 569 0267 A5000000 		.4byte	0xa5
 570 026b 00       		.byte	0
 571 026c 1D       		.uleb128 0x1d
 572 026d 0D000000 		.4byte	.LASF32
 573 0271 04       		.byte	0x4
 574 0272 BD       		.byte	0xbd
 575 0273 E1000000 		.4byte	0xe1
 576 0277 86020000 		.4byte	0x286
 577 027b 1B       		.uleb128 0x1b
 578 027c 8D000000 		.4byte	0x8d
 579 0280 1B       		.uleb128 0x1b
 580 0281 E1000000 		.4byte	0xe1
 581 0285 00       		.byte	0
 582 0286 1E       		.uleb128 0x1e
 583 0287 D5000000 		.4byte	.LASF33
 584 028b 04       		.byte	0x4
 585 028c C3       		.byte	0xc3
 586 028d 1B       		.uleb128 0x1b
 587 028e 8D000000 		.4byte	0x8d
 588 0292 00       		.byte	0
 589 0293 00       		.byte	0
 590              		.section	.debug_abbrev,"",%progbits
 591              	.Ldebug_abbrev0:
 592 0000 01       		.uleb128 0x1
 593 0001 11       		.uleb128 0x11
 594 0002 01       		.byte	0x1
 595 0003 25       		.uleb128 0x25
 596 0004 0E       		.uleb128 0xe
 597 0005 13       		.uleb128 0x13
 598 0006 0B       		.uleb128 0xb
 599 0007 03       		.uleb128 0x3
 600 0008 0E       		.uleb128 0xe
 601 0009 1B       		.uleb128 0x1b
 602 000a 0E       		.uleb128 0xe
 603 000b 55       		.uleb128 0x55
 604 000c 17       		.uleb128 0x17
 605 000d 11       		.uleb128 0x11
 606 000e 01       		.uleb128 0x1
 607 000f 10       		.uleb128 0x10
 608 0010 17       		.uleb128 0x17
 609 0011 00       		.byte	0
 610 0012 00       		.byte	0
 611 0013 02       		.uleb128 0x2
 612 0014 24       		.uleb128 0x24
 613 0015 00       		.byte	0
 614 0016 0B       		.uleb128 0xb
 615 0017 0B       		.uleb128 0xb
 616 0018 3E       		.uleb128 0x3e
 617 0019 0B       		.uleb128 0xb
 618 001a 03       		.uleb128 0x3
ARM GAS  C:\Users\Pablo\AppData\Local\Temp\ccCm4cB1.s 			page 17


 619 001b 08       		.uleb128 0x8
 620 001c 00       		.byte	0
 621 001d 00       		.byte	0
 622 001e 03       		.uleb128 0x3
 623 001f 16       		.uleb128 0x16
 624 0020 00       		.byte	0
 625 0021 03       		.uleb128 0x3
 626 0022 0E       		.uleb128 0xe
 627 0023 3A       		.uleb128 0x3a
 628 0024 0B       		.uleb128 0xb
 629 0025 3B       		.uleb128 0x3b
 630 0026 0B       		.uleb128 0xb
 631 0027 49       		.uleb128 0x49
 632 0028 13       		.uleb128 0x13
 633 0029 00       		.byte	0
 634 002a 00       		.byte	0
 635 002b 04       		.uleb128 0x4
 636 002c 24       		.uleb128 0x24
 637 002d 00       		.byte	0
 638 002e 0B       		.uleb128 0xb
 639 002f 0B       		.uleb128 0xb
 640 0030 3E       		.uleb128 0x3e
 641 0031 0B       		.uleb128 0xb
 642 0032 03       		.uleb128 0x3
 643 0033 0E       		.uleb128 0xe
 644 0034 00       		.byte	0
 645 0035 00       		.byte	0
 646 0036 05       		.uleb128 0x5
 647 0037 0F       		.uleb128 0xf
 648 0038 00       		.byte	0
 649 0039 0B       		.uleb128 0xb
 650 003a 0B       		.uleb128 0xb
 651 003b 00       		.byte	0
 652 003c 00       		.byte	0
 653 003d 06       		.uleb128 0x6
 654 003e 0F       		.uleb128 0xf
 655 003f 00       		.byte	0
 656 0040 0B       		.uleb128 0xb
 657 0041 0B       		.uleb128 0xb
 658 0042 49       		.uleb128 0x49
 659 0043 13       		.uleb128 0x13
 660 0044 00       		.byte	0
 661 0045 00       		.byte	0
 662 0046 07       		.uleb128 0x7
 663 0047 15       		.uleb128 0x15
 664 0048 00       		.byte	0
 665 0049 27       		.uleb128 0x27
 666 004a 19       		.uleb128 0x19
 667 004b 00       		.byte	0
 668 004c 00       		.byte	0
 669 004d 08       		.uleb128 0x8
 670 004e 16       		.uleb128 0x16
 671 004f 00       		.byte	0
 672 0050 03       		.uleb128 0x3
 673 0051 0E       		.uleb128 0xe
 674 0052 3A       		.uleb128 0x3a
 675 0053 0B       		.uleb128 0xb
ARM GAS  C:\Users\Pablo\AppData\Local\Temp\ccCm4cB1.s 			page 18


 676 0054 3B       		.uleb128 0x3b
 677 0055 05       		.uleb128 0x5
 678 0056 49       		.uleb128 0x49
 679 0057 13       		.uleb128 0x13
 680 0058 00       		.byte	0
 681 0059 00       		.byte	0
 682 005a 09       		.uleb128 0x9
 683 005b 35       		.uleb128 0x35
 684 005c 00       		.byte	0
 685 005d 49       		.uleb128 0x49
 686 005e 13       		.uleb128 0x13
 687 005f 00       		.byte	0
 688 0060 00       		.byte	0
 689 0061 0A       		.uleb128 0xa
 690 0062 2E       		.uleb128 0x2e
 691 0063 01       		.byte	0x1
 692 0064 03       		.uleb128 0x3
 693 0065 0E       		.uleb128 0xe
 694 0066 3A       		.uleb128 0x3a
 695 0067 0B       		.uleb128 0xb
 696 0068 3B       		.uleb128 0x3b
 697 0069 0B       		.uleb128 0xb
 698 006a 27       		.uleb128 0x27
 699 006b 19       		.uleb128 0x19
 700 006c 11       		.uleb128 0x11
 701 006d 01       		.uleb128 0x1
 702 006e 12       		.uleb128 0x12
 703 006f 06       		.uleb128 0x6
 704 0070 40       		.uleb128 0x40
 705 0071 18       		.uleb128 0x18
 706 0072 9742     		.uleb128 0x2117
 707 0074 19       		.uleb128 0x19
 708 0075 01       		.uleb128 0x1
 709 0076 13       		.uleb128 0x13
 710 0077 00       		.byte	0
 711 0078 00       		.byte	0
 712 0079 0B       		.uleb128 0xb
 713 007a 05       		.uleb128 0x5
 714 007b 00       		.byte	0
 715 007c 03       		.uleb128 0x3
 716 007d 08       		.uleb128 0x8
 717 007e 3A       		.uleb128 0x3a
 718 007f 0B       		.uleb128 0xb
 719 0080 3B       		.uleb128 0x3b
 720 0081 0B       		.uleb128 0xb
 721 0082 49       		.uleb128 0x49
 722 0083 13       		.uleb128 0x13
 723 0084 02       		.uleb128 0x2
 724 0085 17       		.uleb128 0x17
 725 0086 00       		.byte	0
 726 0087 00       		.byte	0
 727 0088 0C       		.uleb128 0xc
 728 0089 898201   		.uleb128 0x4109
 729 008c 01       		.byte	0x1
 730 008d 11       		.uleb128 0x11
 731 008e 01       		.uleb128 0x1
 732 008f 31       		.uleb128 0x31
ARM GAS  C:\Users\Pablo\AppData\Local\Temp\ccCm4cB1.s 			page 19


 733 0090 13       		.uleb128 0x13
 734 0091 00       		.byte	0
 735 0092 00       		.byte	0
 736 0093 0D       		.uleb128 0xd
 737 0094 8A8201   		.uleb128 0x410a
 738 0097 00       		.byte	0
 739 0098 02       		.uleb128 0x2
 740 0099 18       		.uleb128 0x18
 741 009a 9142     		.uleb128 0x2111
 742 009c 18       		.uleb128 0x18
 743 009d 00       		.byte	0
 744 009e 00       		.byte	0
 745 009f 0E       		.uleb128 0xe
 746 00a0 898201   		.uleb128 0x4109
 747 00a3 01       		.byte	0x1
 748 00a4 11       		.uleb128 0x11
 749 00a5 01       		.uleb128 0x1
 750 00a6 31       		.uleb128 0x31
 751 00a7 13       		.uleb128 0x13
 752 00a8 01       		.uleb128 0x1
 753 00a9 13       		.uleb128 0x13
 754 00aa 00       		.byte	0
 755 00ab 00       		.byte	0
 756 00ac 0F       		.uleb128 0xf
 757 00ad 2E       		.uleb128 0x2e
 758 00ae 01       		.byte	0x1
 759 00af 3F       		.uleb128 0x3f
 760 00b0 19       		.uleb128 0x19
 761 00b1 03       		.uleb128 0x3
 762 00b2 0E       		.uleb128 0xe
 763 00b3 3A       		.uleb128 0x3a
 764 00b4 0B       		.uleb128 0xb
 765 00b5 3B       		.uleb128 0x3b
 766 00b6 0B       		.uleb128 0xb
 767 00b7 27       		.uleb128 0x27
 768 00b8 19       		.uleb128 0x19
 769 00b9 11       		.uleb128 0x11
 770 00ba 01       		.uleb128 0x1
 771 00bb 12       		.uleb128 0x12
 772 00bc 06       		.uleb128 0x6
 773 00bd 40       		.uleb128 0x40
 774 00be 18       		.uleb128 0x18
 775 00bf 9742     		.uleb128 0x2117
 776 00c1 19       		.uleb128 0x19
 777 00c2 01       		.uleb128 0x1
 778 00c3 13       		.uleb128 0x13
 779 00c4 00       		.byte	0
 780 00c5 00       		.byte	0
 781 00c6 10       		.uleb128 0x10
 782 00c7 0B       		.uleb128 0xb
 783 00c8 01       		.byte	0x1
 784 00c9 11       		.uleb128 0x11
 785 00ca 01       		.uleb128 0x1
 786 00cb 12       		.uleb128 0x12
 787 00cc 06       		.uleb128 0x6
 788 00cd 01       		.uleb128 0x1
 789 00ce 13       		.uleb128 0x13
ARM GAS  C:\Users\Pablo\AppData\Local\Temp\ccCm4cB1.s 			page 20


 790 00cf 00       		.byte	0
 791 00d0 00       		.byte	0
 792 00d1 11       		.uleb128 0x11
 793 00d2 13       		.uleb128 0x13
 794 00d3 01       		.byte	0x1
 795 00d4 0B       		.uleb128 0xb
 796 00d5 0B       		.uleb128 0xb
 797 00d6 3A       		.uleb128 0x3a
 798 00d7 0B       		.uleb128 0xb
 799 00d8 3B       		.uleb128 0x3b
 800 00d9 0B       		.uleb128 0xb
 801 00da 01       		.uleb128 0x1
 802 00db 13       		.uleb128 0x13
 803 00dc 00       		.byte	0
 804 00dd 00       		.byte	0
 805 00de 12       		.uleb128 0x12
 806 00df 0D       		.uleb128 0xd
 807 00e0 00       		.byte	0
 808 00e1 03       		.uleb128 0x3
 809 00e2 0E       		.uleb128 0xe
 810 00e3 3A       		.uleb128 0x3a
 811 00e4 0B       		.uleb128 0xb
 812 00e5 3B       		.uleb128 0x3b
 813 00e6 0B       		.uleb128 0xb
 814 00e7 49       		.uleb128 0x49
 815 00e8 13       		.uleb128 0x13
 816 00e9 38       		.uleb128 0x38
 817 00ea 0B       		.uleb128 0xb
 818 00eb 00       		.byte	0
 819 00ec 00       		.byte	0
 820 00ed 13       		.uleb128 0x13
 821 00ee 01       		.uleb128 0x1
 822 00ef 01       		.byte	0x1
 823 00f0 49       		.uleb128 0x49
 824 00f1 13       		.uleb128 0x13
 825 00f2 01       		.uleb128 0x1
 826 00f3 13       		.uleb128 0x13
 827 00f4 00       		.byte	0
 828 00f5 00       		.byte	0
 829 00f6 14       		.uleb128 0x14
 830 00f7 21       		.uleb128 0x21
 831 00f8 00       		.byte	0
 832 00f9 49       		.uleb128 0x49
 833 00fa 13       		.uleb128 0x13
 834 00fb 2F       		.uleb128 0x2f
 835 00fc 0B       		.uleb128 0xb
 836 00fd 00       		.byte	0
 837 00fe 00       		.byte	0
 838 00ff 15       		.uleb128 0x15
 839 0100 34       		.uleb128 0x34
 840 0101 00       		.byte	0
 841 0102 03       		.uleb128 0x3
 842 0103 0E       		.uleb128 0xe
 843 0104 3A       		.uleb128 0x3a
 844 0105 0B       		.uleb128 0xb
 845 0106 3B       		.uleb128 0x3b
 846 0107 0B       		.uleb128 0xb
ARM GAS  C:\Users\Pablo\AppData\Local\Temp\ccCm4cB1.s 			page 21


 847 0108 49       		.uleb128 0x49
 848 0109 13       		.uleb128 0x13
 849 010a 02       		.uleb128 0x2
 850 010b 18       		.uleb128 0x18
 851 010c 00       		.byte	0
 852 010d 00       		.byte	0
 853 010e 16       		.uleb128 0x16
 854 010f 26       		.uleb128 0x26
 855 0110 00       		.byte	0
 856 0111 49       		.uleb128 0x49
 857 0112 13       		.uleb128 0x13
 858 0113 00       		.byte	0
 859 0114 00       		.byte	0
 860 0115 17       		.uleb128 0x17
 861 0116 34       		.uleb128 0x34
 862 0117 00       		.byte	0
 863 0118 03       		.uleb128 0x3
 864 0119 08       		.uleb128 0x8
 865 011a 3A       		.uleb128 0x3a
 866 011b 0B       		.uleb128 0xb
 867 011c 3B       		.uleb128 0x3b
 868 011d 0B       		.uleb128 0xb
 869 011e 49       		.uleb128 0x49
 870 011f 13       		.uleb128 0x13
 871 0120 02       		.uleb128 0x2
 872 0121 17       		.uleb128 0x17
 873 0122 00       		.byte	0
 874 0123 00       		.byte	0
 875 0124 18       		.uleb128 0x18
 876 0125 0B       		.uleb128 0xb
 877 0126 01       		.byte	0x1
 878 0127 11       		.uleb128 0x11
 879 0128 01       		.uleb128 0x1
 880 0129 12       		.uleb128 0x12
 881 012a 06       		.uleb128 0x6
 882 012b 00       		.byte	0
 883 012c 00       		.byte	0
 884 012d 19       		.uleb128 0x19
 885 012e 898201   		.uleb128 0x4109
 886 0131 00       		.byte	0
 887 0132 11       		.uleb128 0x11
 888 0133 01       		.uleb128 0x1
 889 0134 31       		.uleb128 0x31
 890 0135 13       		.uleb128 0x13
 891 0136 00       		.byte	0
 892 0137 00       		.byte	0
 893 0138 1A       		.uleb128 0x1a
 894 0139 2E       		.uleb128 0x2e
 895 013a 01       		.byte	0x1
 896 013b 3F       		.uleb128 0x3f
 897 013c 19       		.uleb128 0x19
 898 013d 03       		.uleb128 0x3
 899 013e 0E       		.uleb128 0xe
 900 013f 27       		.uleb128 0x27
 901 0140 19       		.uleb128 0x19
 902 0141 49       		.uleb128 0x49
 903 0142 13       		.uleb128 0x13
ARM GAS  C:\Users\Pablo\AppData\Local\Temp\ccCm4cB1.s 			page 22


 904 0143 34       		.uleb128 0x34
 905 0144 19       		.uleb128 0x19
 906 0145 3C       		.uleb128 0x3c
 907 0146 19       		.uleb128 0x19
 908 0147 01       		.uleb128 0x1
 909 0148 13       		.uleb128 0x13
 910 0149 00       		.byte	0
 911 014a 00       		.byte	0
 912 014b 1B       		.uleb128 0x1b
 913 014c 05       		.uleb128 0x5
 914 014d 00       		.byte	0
 915 014e 49       		.uleb128 0x49
 916 014f 13       		.uleb128 0x13
 917 0150 00       		.byte	0
 918 0151 00       		.byte	0
 919 0152 1C       		.uleb128 0x1c
 920 0153 2E       		.uleb128 0x2e
 921 0154 01       		.byte	0x1
 922 0155 3F       		.uleb128 0x3f
 923 0156 19       		.uleb128 0x19
 924 0157 03       		.uleb128 0x3
 925 0158 0E       		.uleb128 0xe
 926 0159 3A       		.uleb128 0x3a
 927 015a 0B       		.uleb128 0xb
 928 015b 3B       		.uleb128 0x3b
 929 015c 0B       		.uleb128 0xb
 930 015d 27       		.uleb128 0x27
 931 015e 19       		.uleb128 0x19
 932 015f 3C       		.uleb128 0x3c
 933 0160 19       		.uleb128 0x19
 934 0161 01       		.uleb128 0x1
 935 0162 13       		.uleb128 0x13
 936 0163 00       		.byte	0
 937 0164 00       		.byte	0
 938 0165 1D       		.uleb128 0x1d
 939 0166 2E       		.uleb128 0x2e
 940 0167 01       		.byte	0x1
 941 0168 3F       		.uleb128 0x3f
 942 0169 19       		.uleb128 0x19
 943 016a 03       		.uleb128 0x3
 944 016b 0E       		.uleb128 0xe
 945 016c 3A       		.uleb128 0x3a
 946 016d 0B       		.uleb128 0xb
 947 016e 3B       		.uleb128 0x3b
 948 016f 0B       		.uleb128 0xb
 949 0170 27       		.uleb128 0x27
 950 0171 19       		.uleb128 0x19
 951 0172 49       		.uleb128 0x49
 952 0173 13       		.uleb128 0x13
 953 0174 3C       		.uleb128 0x3c
 954 0175 19       		.uleb128 0x19
 955 0176 01       		.uleb128 0x1
 956 0177 13       		.uleb128 0x13
 957 0178 00       		.byte	0
 958 0179 00       		.byte	0
 959 017a 1E       		.uleb128 0x1e
 960 017b 2E       		.uleb128 0x2e
ARM GAS  C:\Users\Pablo\AppData\Local\Temp\ccCm4cB1.s 			page 23


 961 017c 01       		.byte	0x1
 962 017d 3F       		.uleb128 0x3f
 963 017e 19       		.uleb128 0x19
 964 017f 03       		.uleb128 0x3
 965 0180 0E       		.uleb128 0xe
 966 0181 3A       		.uleb128 0x3a
 967 0182 0B       		.uleb128 0xb
 968 0183 3B       		.uleb128 0x3b
 969 0184 0B       		.uleb128 0xb
 970 0185 27       		.uleb128 0x27
 971 0186 19       		.uleb128 0x19
 972 0187 3C       		.uleb128 0x3c
 973 0188 19       		.uleb128 0x19
 974 0189 00       		.byte	0
 975 018a 00       		.byte	0
 976 018b 00       		.byte	0
 977              		.section	.debug_loc,"",%progbits
 978              	.Ldebug_loc0:
 979              	.LLST0:
 980 0000 00000000 		.4byte	.LVL0
 981 0004 09000000 		.4byte	.LVL2-1
 982 0008 0100     		.2byte	0x1
 983 000a 50       		.byte	0x50
 984 000b 09000000 		.4byte	.LVL2-1
 985 000f 0C000000 		.4byte	.LFE0
 986 0013 0400     		.2byte	0x4
 987 0015 F3       		.byte	0xf3
 988 0016 01       		.uleb128 0x1
 989 0017 50       		.byte	0x50
 990 0018 9F       		.byte	0x9f
 991 0019 00000000 		.4byte	0
 992 001d 00000000 		.4byte	0
 993              	.LLST1:
 994 0021 00000000 		.4byte	.LVL0
 995 0025 06000000 		.4byte	.LVL1
 996 0029 0100     		.2byte	0x1
 997 002b 51       		.byte	0x51
 998 002c 06000000 		.4byte	.LVL1
 999 0030 09000000 		.4byte	.LVL2-1
 1000 0034 0100     		.2byte	0x1
 1001 0036 52       		.byte	0x52
 1002 0037 09000000 		.4byte	.LVL2-1
 1003 003b 0C000000 		.4byte	.LFE0
 1004 003f 0400     		.2byte	0x4
 1005 0041 F3       		.byte	0xf3
 1006 0042 01       		.uleb128 0x1
 1007 0043 51       		.byte	0x51
 1008 0044 9F       		.byte	0x9f
 1009 0045 00000000 		.4byte	0
 1010 0049 00000000 		.4byte	0
 1011              	.LLST2:
 1012 004d 70000000 		.4byte	.LVL6
 1013 0051 74000000 		.4byte	.LVL7
 1014 0055 0200     		.2byte	0x2
 1015 0057 30       		.byte	0x30
 1016 0058 9F       		.byte	0x9f
 1017 0059 74000000 		.4byte	.LVL7
ARM GAS  C:\Users\Pablo\AppData\Local\Temp\ccCm4cB1.s 			page 24


 1018 005d 94000000 		.4byte	.LVL9
 1019 0061 0100     		.2byte	0x1
 1020 0063 54       		.byte	0x54
 1021 0064 96000000 		.4byte	.LVL10
 1022 0068 C2000000 		.4byte	.LVL11
 1023 006c 0100     		.2byte	0x1
 1024 006e 54       		.byte	0x54
 1025 006f 00000000 		.4byte	0
 1026 0073 00000000 		.4byte	0
 1027              	.LLST3:
 1028 0077 74000000 		.4byte	.LVL7
 1029 007b 94000000 		.4byte	.LVL9
 1030 007f 0B00     		.2byte	0xb
 1031 0081 74       		.byte	0x74
 1032 0082 00       		.sleb128 0
 1033 0083 36       		.byte	0x36
 1034 0084 1E       		.byte	0x1e
 1035 0085 03       		.byte	0x3
 1036 0086 00000000 		.4byte	cfg_memset_list.4725
 1037 008a 22       		.byte	0x22
 1038 008b 9F       		.byte	0x9f
 1039 008c 94000000 		.4byte	.LVL9
 1040 0090 96000000 		.4byte	.LVL10
 1041 0094 0B00     		.2byte	0xb
 1042 0096 74       		.byte	0x74
 1043 0097 7F       		.sleb128 -1
 1044 0098 36       		.byte	0x36
 1045 0099 1E       		.byte	0x1e
 1046 009a 03       		.byte	0x3
 1047 009b 00000000 		.4byte	cfg_memset_list.4725
 1048 009f 22       		.byte	0x22
 1049 00a0 9F       		.byte	0x9f
 1050 00a1 00000000 		.4byte	0
 1051 00a5 00000000 		.4byte	0
 1052              		.section	.debug_aranges,"",%progbits
 1053 0000 2C000000 		.4byte	0x2c
 1054 0004 0200     		.2byte	0x2
 1055 0006 00000000 		.4byte	.Ldebug_info0
 1056 000a 04       		.byte	0x4
 1057 000b 00       		.byte	0
 1058 000c 0000     		.2byte	0
 1059 000e 0000     		.2byte	0
 1060 0010 00000000 		.4byte	.LFB0
 1061 0014 0C000000 		.4byte	.LFE0-.LFB0
 1062 0018 00000000 		.4byte	.LFB3
 1063 001c 6C000000 		.4byte	.LFE3-.LFB3
 1064 0020 6C000000 		.4byte	.LFB5
 1065 0024 C0000000 		.4byte	.LFE5-.LFB5
 1066 0028 00000000 		.4byte	0
 1067 002c 00000000 		.4byte	0
 1068              		.section	.debug_ranges,"",%progbits
 1069              	.Ldebug_ranges0:
 1070 0000 00000000 		.4byte	.LFB0
 1071 0004 0C000000 		.4byte	.LFE0
 1072 0008 00000000 		.4byte	.LFB3
 1073 000c 6C000000 		.4byte	.LFE3
 1074 0010 6C000000 		.4byte	.LFB5
ARM GAS  C:\Users\Pablo\AppData\Local\Temp\ccCm4cB1.s 			page 25


 1075 0014 2C010000 		.4byte	.LFE5
 1076 0018 00000000 		.4byte	0
 1077 001c 00000000 		.4byte	0
 1078              		.section	.debug_line,"",%progbits
 1079              	.Ldebug_line0:
 1080 0000 2F010000 		.section	.debug_str,"MS",%progbits,1
 1080      0200D600 
 1080      00000201 
 1080      FB0E0D00 
 1080      01010101 
 1081              	.LASF18:
 1082 0000 72656733 		.ascii	"reg32\000"
 1082      3200
 1083              	.LASF11:
 1084 0006 73697A65 		.ascii	"size_t\000"
 1084      5F7400
 1085              	.LASF32:
 1086 000d 4379496E 		.ascii	"CyIntSetVector\000"
 1086      74536574 
 1086      56656374 
 1086      6F7200
 1087              	.LASF25:
 1088 001c 6366675F 		.ascii	"cfg_memset_list\000"
 1088      6D656D73 
 1088      65745F6C 
 1088      69737400 
 1089              	.LASF21:
 1090 002c 436C6F63 		.ascii	"ClockSetup\000"
 1090      6B536574 
 1090      757000
 1091              	.LASF4:
 1092 0037 73686F72 		.ascii	"short unsigned int\000"
 1092      7420756E 
 1092      7369676E 
 1092      65642069 
 1092      6E7400
 1093              	.LASF15:
 1094 004a 666C6F61 		.ascii	"float\000"
 1094      7400
 1095              	.LASF23:
 1096 0050 73697A65 		.ascii	"size\000"
 1096      00
 1097              	.LASF17:
 1098 0055 72656738 		.ascii	"reg8\000"
 1098      00
 1099              	.LASF6:
 1100 005a 6C6F6E67 		.ascii	"long unsigned int\000"
 1100      20756E73 
 1100      69676E65 
 1100      6420696E 
 1100      7400
 1101              	.LASF30:
 1102 006c 433A5C55 		.ascii	"C:\\Users\\Pablo\\Documents\\XBee-PSoC\\PSoC4200 Tx"
 1102      73657273 
 1102      5C506162 
 1102      6C6F5C44 
 1102      6F63756D 
ARM GAS  C:\Users\Pablo\AppData\Local\Temp\ccCm4cB1.s 			page 26


 1103 009a 20457861 		.ascii	" Example.cydsn\000"
 1103      6D706C65 
 1103      2E637964 
 1103      736E00
 1104              	.LASF12:
 1105 00a9 75696E74 		.ascii	"uint8\000"
 1105      3800
 1106              	.LASF20:
 1107 00af 43594D45 		.ascii	"CYMEMZERO\000"
 1107      4D5A4552 
 1107      4F00
 1108              	.LASF2:
 1109 00b9 756E7369 		.ascii	"unsigned char\000"
 1109      676E6564 
 1109      20636861 
 1109      7200
 1110              	.LASF26:
 1111 00c7 6D656D73 		.ascii	"memset\000"
 1111      657400
 1112              	.LASF16:
 1113 00ce 646F7562 		.ascii	"double\000"
 1113      6C6500
 1114              	.LASF33:
 1115 00d5 4379496E 		.ascii	"CyIntEnable\000"
 1115      74456E61 
 1115      626C6500 
 1116              	.LASF13:
 1117 00e1 75696E74 		.ascii	"uint16\000"
 1117      313600
 1118              	.LASF14:
 1119 00e8 75696E74 		.ascii	"uint32\000"
 1119      333200
 1120              	.LASF0:
 1121 00ef 756E7369 		.ascii	"unsigned int\000"
 1121      676E6564 
 1121      20696E74 
 1121      00
 1122              	.LASF31:
 1123 00fc 63796669 		.ascii	"cyfitter_cfg\000"
 1123      74746572 
 1123      5F636667 
 1123      00
 1124              	.LASF22:
 1125 0109 61646472 		.ascii	"address\000"
 1125      65737300 
 1126              	.LASF8:
 1127 0111 6C6F6E67 		.ascii	"long long unsigned int\000"
 1127      206C6F6E 
 1127      6720756E 
 1127      7369676E 
 1127      65642069 
 1128              	.LASF19:
 1129 0128 63796973 		.ascii	"cyisraddress\000"
 1129      72616464 
 1129      72657373 
 1129      00
 1130              	.LASF24:
ARM GAS  C:\Users\Pablo\AppData\Local\Temp\ccCm4cB1.s 			page 27


 1131 0135 6366675F 		.ascii	"cfg_memset_t\000"
 1131      6D656D73 
 1131      65745F74 
 1131      00
 1132              	.LASF9:
 1133 0142 73697A65 		.ascii	"sizetype\000"
 1133      74797065 
 1133      00
 1134              	.LASF7:
 1135 014b 6C6F6E67 		.ascii	"long long int\000"
 1135      206C6F6E 
 1135      6720696E 
 1135      7400
 1136              	.LASF10:
 1137 0159 63686172 		.ascii	"char\000"
 1137      00
 1138              	.LASF28:
 1139 015e 474E5520 		.ascii	"GNU C 4.9.3 20150303 (release) [ARM/embedded-4_9-br"
 1139      4320342E 
 1139      392E3320 
 1139      32303135 
 1139      30333033 
 1140 0191 616E6368 		.ascii	"anch revision 221220] -mcpu=cortex-m0 -mthumb -g -O"
 1140      20726576 
 1140      6973696F 
 1140      6E203232 
 1140      31323230 
 1141 01c4 67202D66 		.ascii	"g -ffunction-sections -ffat-lto-objects\000"
 1141      66756E63 
 1141      74696F6E 
 1141      2D736563 
 1141      74696F6E 
 1142              	.LASF3:
 1143 01ec 73686F72 		.ascii	"short int\000"
 1143      7420696E 
 1143      7400
 1144              	.LASF27:
 1145 01f6 43795379 		.ascii	"CySysClkWriteImoFreq\000"
 1145      73436C6B 
 1145      57726974 
 1145      65496D6F 
 1145      46726571 
 1146              	.LASF5:
 1147 020b 6C6F6E67 		.ascii	"long int\000"
 1147      20696E74 
 1147      00
 1148              	.LASF1:
 1149 0214 7369676E 		.ascii	"signed char\000"
 1149      65642063 
 1149      68617200 
 1150              	.LASF29:
 1151 0220 47656E65 		.ascii	"Generated_Source\\PSoC4\\cyfitter_cfg.c\000"
 1151      72617465 
 1151      645F536F 
 1151      75726365 
 1151      5C50536F 
 1152              		.ident	"GCC: (GNU Tools for ARM Embedded Processors) 4.9.3 20150303 (release) [ARM/embedded-4_9-br
ARM GAS  C:\Users\Pablo\AppData\Local\Temp\ccCm4cB1.s 			page 28


